// Jest Snapshot v1, https://goo.gl/fbAQLP

exports[`Snapshot 1`] = `
<body>
  <div>
    <div
      class="MuiFormControl-root MuiTextField-root"
    >
      <div
        class="MuiInputBase-root MuiInput-root MuiInput-underline MuiInputBase-formControl MuiInput-formControl"
      >
        <input
          aria-invalid="false"
          class="MuiInputBase-input MuiInput-input"
          type="text"
          value="value"
        />
      </div>
    </div>
  </div>
</body>
`;
